// Vitest Snapshot v1, https://vitest.dev/guide/snapshot.html

exports[`generates correct semantic tokens > semantic tokens 1`] = `
"===============================================================================
use std
^^^keyword

===============================================================================
// Test comment
^^^^^^^^^^^^^^^comment

===============================================================================
pub let main = () {
^^^keyword   ^operator
    ^^^keyword    ^operator
               ^^operator

===============================================================================
    let name = "world"
    ^^^keyword
             ^operator
               ^^^^^^^string

===============================================================================
    std.print("hello, {name}")
       ^operator      ^operator
             ^operator     ^operator
              ^^^^^^^^string
                            ^string
                             ^operator

===============================================================================
    <div>hello, {name}</div>
    ^^^^^htmlTag      ^^^^^^htmlTag

===============================================================================
}
^operator

===============================================================================

"
`;
